"1","Johna","yes"
"2","Jane","no"
"3","Peter","yes"
"4","Paul","no"
"5","Marc Raiser","sometimes"
"6","Petr Simecek","yes"
"7","Jakub Matejka","yes"
"8","Ondrej Popelka","no"
